drivers/mtd/cfi_flash.c:225:13:flash_make_cmd	32	static
drivers/mtd/cfi_flash.c:357:13:flash_write_cmd	24	static
drivers/mtd/cfi_flash.c:405:13:flash_unlock_seq	16	static
drivers/mtd/cfi_flash.c:413:12:flash_isequal	24	static
drivers/mtd/cfi_flash.c:461:12:flash_isset	24	static
drivers/mtd/cfi_flash.c:760:21:find_sector	8	static
drivers/mtd/cfi_flash.c:1644:13:cfi_reverse_geometry	8	static
drivers/mtd/cfi_flash.c:2492:12:cfi_flash_probe	24	static
drivers/mtd/cfi_flash.c:569:12:flash_status_check	48	static
drivers/mtd/cfi_flash.c:608:12:flash_full_status_check	24	static
drivers/mtd/cfi_flash.c:786:12:flash_write_cfiword	32	static
drivers/mtd/cfi_flash.c:714:13:flash_add_byte.isra	0	static
drivers/mtd/cfi_flash.c:115:13:cfi_flash_bank_addr	0	static
drivers/mtd/cfi_flash.c:126:22:cfi_flash_bank_size	0	static
drivers/mtd/cfi_flash.c:198:15:flash_sector_size	0	static
drivers/mtd/cfi_flash.c:1056:5:flash_erase	24	static
drivers/mtd/cfi_flash.c:1206:6:flash_print_info	32	static
drivers/mtd/cfi_flash.c:1318:5:write_buff	80	static
drivers/mtd/cfi_flash.c:1480:5:flash_real_protect	32	static
drivers/mtd/cfi_flash.c:1606:6:flash_read_user_serial	24	static
drivers/mtd/cfi_flash.c:1624:6:flash_read_factory_serial	24	static
drivers/mtd/cfi_flash.c:1882:13:__flash_cmd_reset	8	static
drivers/mtd/cfi_flash.c:1897:12:__flash_detect_cfi	24	static
drivers/mtd/cfi_flash.c:2098:7:flash_get_size	120	static
drivers/mtd/cfi_flash.c:2398:15:flash_init	104	static
