lib/fdtdec.c:89:13:fdtdec_get_srcname	0	static
lib/fdtdec.c:94:13:fdtdec_get_compatible	0	static
lib/fdtdec.c:208:5:fdtdec_get_pci_vendev	32	static
lib/fdtdec.c:244:5:fdtdec_get_pci_bar32	8	static
lib/fdtdec.c:261:5:fdtdec_get_pci_bus_range	16	static
lib/fdtdec.c:277:10:fdtdec_get_uint64	24	static
lib/fdtdec.c:290:5:fdtdec_get_is_enabled	8	static
lib/fdtdec.c:307:20:fdtdec_lookup	24	static
lib/fdtdec.c:319:5:fdtdec_next_compatible	0	static
lib/fdtdec.c:324:5:fdtdec_next_compatible_subnode	24	static
lib/fdtdec.c:339:5:fdtdec_next_alias	72	static
lib/fdtdec.c:371:5:fdtdec_add_aliases_for_id	56	dynamic
lib/fdtdec.c:361:5:fdtdec_find_aliases_for_id	24	static
lib/fdtdec.c:486:5:fdtdec_get_alias_seq	56	static
lib/fdtdec.c:536:5:fdtdec_get_alias_highest_id	32	static
lib/fdtdec.c:569:13:fdtdec_get_chosen_prop	16	static
lib/fdtdec.c:579:5:fdtdec_get_chosen_node	8	static
lib/fdtdec.c:606:5:fdtdec_prepare_fdt	8	static
lib/fdtdec.c:589:5:fdtdec_check_fdt	8	static
lib/fdtdec.c:628:5:fdtdec_lookup_phandle	8	static
lib/fdtdec.c:671:5:fdtdec_get_int_array	24	static
lib/fdtdec.c:940:12:decode_timing_property	40	static
lib/fdtdec.c:689:5:fdtdec_get_int_array_count	24	static
lib/fdtdec.c:709:12:fdtdec_locate_array	16	static
lib/fdtdec.c:720:5:fdtdec_get_bool	16	static
lib/fdtdec.c:730:5:fdtdec_parse_phandle_with_args	48	static
lib/fdtdec.c:854:5:fdtdec_get_byte_array	24	static
lib/fdtdec.c:866:11:fdtdec_locate_byte_array	16	static
lib/fdtdec.c:878:5:fdtdec_get_number	0	static
lib/fdtdec.c:101:12:fdtdec_get_addr_size_fixed	40	static
lib/fdtdec.c:147:12:fdtdec_get_addr_size_auto_parent	40	static
lib/fdtdec.c:174:12:fdtdec_get_addr_size_auto_noparent	40	static
lib/fdtdec.c:193:12:fdtdec_get_addr_size	24	static
lib/fdtdec.c:203:12:fdtdec_get_addr	0	static
lib/fdtdec.c:888:5:fdt_get_resource	48	static
lib/fdtdec.c:927:5:fdt_get_named_resource	24	static
lib/fdtdec.c:964:5:fdtdec_decode_display_timing	32	static
lib/fdtdec.c:1032:5:fdtdec_setup_mem_size_base	40	static
lib/fdtdec.c:1058:8:get_next_memory_node	8	static
lib/fdtdec.c:1067:5:fdtdec_setup_memory_banksize	48	static
lib/fdtdec.c:1108:5:fdtdec_setup_mem_size_base_lowest	48	static
lib/fdtdec.c:1237:5:fdtdec_set_ethernet_mac_address	24	static
lib/fdtdec.c:1298:5:fdtdec_add_reserved_memory	144	static
lib/fdtdec.c:1436:5:fdtdec_get_carveout	48	static
lib/fdtdec.c:1537:5:fdtdec_set_carveout	56	static
lib/fdtdec.c:1594:12:fdtdec_board_setup	0	static
lib/fdtdec.c:1634:5:fdtdec_setup	8	static
lib/fdtdec.c:1677:5:fdtdec_resetup	0	static
lib/fdtdec.c:1713:5:fdtdec_decode_ram_size	56	static
