lib/time.c:132:25:tick_to_time	8	static
lib/time.c:30:15:get_tbclk	0	static
lib/time.c:37:23:timer_read_counter	0	static
lib/time.c:46:7:timer_get_boot_us	0	static
lib/time.c:118:25:get_ticks	8	static
lib/time.c:141:12:timer_init	0	static
lib/time.c:147:14:get_timer	8	static
lib/time.c:161:17:get_timer_us	24	static
lib/time.c:171:30:timer_get_us	8	static
lib/time.c:166:22:get_timer_us_long	8	static
lib/time.c:176:10:usec_to_tick	4	static
lib/time.c:184:13:__udelay	16	static
lib/time.c:196:6:udelay	16	static
