lib/vsprintf.c:52:14:put_dec_trunc	12	static
lib/vsprintf.c:130:23:put_dec	32	static
lib/vsprintf.c:159:14:number	128	static
lib/vsprintf.c:279:29:string16	40	static
lib/vsprintf.c:258:14:string	24	static
lib/vsprintf.c:521:12:vsnprintf_internal	120	static
lib/vsprintf.c:727:5:vsnprintf	0	static
lib/vsprintf.c:733:5:vscnprintf	8	static
lib/vsprintf.c:746:5:snprintf	16	static
lib/vsprintf.c:758:5:scnprintf	16	static
lib/vsprintf.c:783:5:vsprintf	0	static
lib/vsprintf.c:788:5:sprintf	12	static
lib/vsprintf.c:812:5:vprintf	544	static
lib/vsprintf.c:800:5:printf	16	static
lib/vsprintf.c:834:7:simple_itoa	24	static
lib/vsprintf.c:847:7:simple_xtoa	0	static
lib/vsprintf.c:863:6:print_grouped_ull	48	static
lib/vsprintf.c:878:6:str2off	24	static
lib/vsprintf.c:886:6:str2long	24	static
lib/vsprintf.c:894:7:strmhz	16	static
