drivers/mtd/ubi/build.c:485:13:kill_volumes	16	static
drivers/mtd/ubi/build.c:184:5:ubi_volume_notify	104	static
drivers/mtd/ubi/build.c:216:5:ubi_notify_all	112	static
drivers/mtd/ubi/build.c:260:5:ubi_enumerate_volumes	24	static
drivers/mtd/ubi/build.c:288:20:ubi_get_device	0	static
drivers/mtd/ubi/build.c:308:6:ubi_put_device	0	static
drivers/mtd/ubi/build.c:323:20:ubi_get_by_major	0	static
drivers/mtd/ubi/build.c:352:5:ubi_major2num	0	static
drivers/mtd/ubi/build.c:596:6:ubi_free_internal_volumes	16	static
drivers/mtd/ubi/build.c:881:5:ubi_attach_mtd_dev	232	static
drivers/mtd/ubi/build.c:1106:5:ubi_detach_mtd_dev	24	static
drivers/mtd/ubi/build.c:1245:5:ubi_init	40	static
drivers/mtd/ubi/build.c:1366:6:ubi_exit	16	static
drivers/mtd/ubi/build.c:1427:5:kstrtoint	8	static
drivers/mtd/ubi/build.c:1449:5:ubi_mtd_param_parse	120	static
