drivers/mtd/ubi/debug.c:26:6:ubi_dump_flash	56	static
drivers/mtd/ubi/debug.c:55:6:ubi_dump_ec_hdr	24	static
drivers/mtd/ubi/debug.c:74:6:ubi_dump_vid_hdr	24	static
drivers/mtd/ubi/debug.c:99:6:ubi_dump_vol_info	24	static
drivers/mtd/ubi/debug.c:131:6:ubi_dump_vtbl_record	24	static
drivers/mtd/ubi/debug.c:163:6:ubi_dump_av	8	static
drivers/mtd/ubi/debug.c:181:6:ubi_dump_aeb	16	static
drivers/mtd/ubi/debug.c:197:6:ubi_dump_mkvol_req	32	static
drivers/mtd/ubi/debug.c:541:5:ubi_debugfs_init	0	static
drivers/mtd/ubi/debug.c:546:6:ubi_debugfs_exit	0	static
drivers/mtd/ubi/debug.c:550:5:ubi_debugfs_init_dev	0	static
drivers/mtd/ubi/debug.c:555:6:ubi_debugfs_exit_dev	0	static
drivers/mtd/ubi/debug.c:559:5:ubi_dbg_power_cut	0	static
