lib/efi_loader/efi_disk.c:302:28:efi_disk_flush_blocks	8	static
lib/efi_loader/efi_disk.c:66:28:efi_disk_reset	8	static
lib/efi_loader/efi_disk.c:391:21:efi_disk_add_dev.part.0	64	static
lib/efi_loader/efi_disk.c:170:28:efi_disk_read_blocks	24	static
lib/efi_loader/efi_disk.c:236:28:efi_disk_write_blocks	24	static
lib/efi_loader/efi_disk.c:82:6:efi_disk_is_removable	16	static
lib/efi_loader/efi_disk.c:328:1:efi_fs_from_path	24	static
lib/efi_loader/efi_disk.c:638:5:efi_disk_probe	64	static
lib/efi_loader/efi_disk.c:742:5:efi_disk_remove	24	static
lib/efi_loader/efi_disk.c:766:14:efi_disk_get_device_name	40	static
lib/efi_loader/efi_disk.c:816:14:efi_disks_register	16	static
