lib/efi_loader/efi_boottime.c:640:21:efi_is_event	0	static
lib/efi_loader/efi_boottime.c:165:20:indent_string	16	static
lib/efi_loader/efi_boottime.c:101:5:__efi_entry_check	8	static
lib/efi_loader/efi_boottime.c:113:5:__efi_exit_check	8	static
lib/efi_loader/efi_boottime.c:203:13:efi_process_event_queue	24	static
lib/efi_loader/efi_boottime.c:235:13:efi_queue_event	4	static
lib/efi_loader/efi_boottime.c:1419:21:efi_register_protocol_notify	24	static
lib/efi_loader/efi_boottime.c:2919:20:efi_set_mem	16	static
lib/efi_loader/efi_boottime.c:2900:20:efi_copy_mem	16	static
lib/efi_loader/efi_boottime.c:2873:28:efi_calculate_crc32	16	static
lib/efi_loader/efi_boottime.c:2276:28:efi_set_watchdog_timer	8	static
lib/efi_loader/efi_boottime.c:2222:28:efi_get_next_monotonic_count	8	static
lib/efi_loader/efi_boottime.c:995:28:efi_close_event	40	static
lib/efi_loader/efi_boottime.c:486:28:efi_free_pool_ext	8	static
lib/efi_loader/efi_boottime.c:464:28:efi_allocate_pool_ext	16	static
lib/efi_loader/efi_boottime.c:435:28:efi_get_memory_map_ext	24	static
lib/efi_loader/efi_boottime.c:409:28:efi_free_pages_ext	16	static
lib/efi_loader/efi_boottime.c:386:28:efi_allocate_pages_ext	16	static
lib/efi_loader/efi_boottime.c:329:29:efi_raise_tpl	16	static
lib/efi_loader/efi_boottime.c:131:6:efi_save_gd	0	static
lib/efi_loader/efi_boottime.c:145:6:efi_restore_gd	8	static
lib/efi_loader/efi_boottime.c:174:13:__efi_nesting	0	static
lib/efi_loader/efi_boottime.c:179:13:__efi_nesting_inc	0	static
lib/efi_loader/efi_boottime.c:184:13:__efi_nesting_dec	0	static
lib/efi_loader/efi_boottime.c:267:14:is_valid_tpl	0	static
lib/efi_loader/efi_boottime.c:289:6:efi_signal_event	24	static
lib/efi_loader/efi_boottime.c:2115:28:efi_exit_boot_services	16	static
lib/efi_loader/efi_boottime.c:975:28:efi_signal_event_ext	8	static
lib/efi_loader/efi_boottime.c:503:6:efi_add_handle	0	static
lib/efi_loader/efi_boottime.c:517:14:efi_create_handle	8	static
lib/efi_loader/efi_boottime.c:670:14:efi_create_event	40	static
lib/efi_loader/efi_boottime.c:745:21:efi_create_event_ex	24	static
lib/efi_loader/efi_boottime.c:790:28:efi_create_event_ext	24	static
lib/efi_loader/efi_boottime.c:812:6:efi_timer_check	24	static
lib/efi_loader/efi_boottime.c:2249:28:efi_stall	16	static
lib/efi_loader/efi_boottime.c:1042:28:efi_check_event	16	static
lib/efi_loader/efi_boottime.c:916:28:efi_wait_for_event	24	static
lib/efi_loader/efi_boottime.c:354:20:efi_restore_tpl	8	static
lib/efi_loader/efi_boottime.c:850:14:efi_set_timer	24	static
lib/efi_loader/efi_boottime.c:895:28:efi_set_timer_ext	16	static
lib/efi_loader/efi_boottime.c:1064:20:efi_search_obj	0	static
lib/efi_loader/efi_boottime.c:539:14:efi_search_protocol	24	static
lib/efi_loader/efi_boottime.c:572:14:efi_remove_protocol	24	static
lib/efi_loader/efi_boottime.c:2559:28:efi_locate_protocol	32	static
lib/efi_loader/efi_boottime.c:2374:28:efi_open_protocol_information	40	static
lib/efi_loader/efi_boottime.c:1513:21:efi_locate_handle	32	static
lib/efi_loader/efi_boottime.c:1604:28:efi_locate_handle_ext	24	static
lib/efi_loader/efi_boottime.c:595:14:efi_remove_all_protocols	16	static
lib/efi_loader/efi_boottime.c:620:6:efi_delete_handle	8	static
lib/efi_loader/efi_boottime.c:2437:28:efi_protocols_per_handle	24	static
lib/efi_loader/efi_boottime.c:1121:14:efi_add_protocol	32	static
lib/efi_loader/efi_boottime.c:1182:28:efi_install_protocol_interface	16	static
lib/efi_loader/efi_boottime.c:1643:14:efi_install_configuration_table	32	static
lib/efi_loader/efi_boottime.c:1704:8:efi_install_configuration_table_ext	8	static
lib/efi_loader/efi_boottime.c:1726:14:efi_setup_loaded_image	32	static
lib/efi_loader/efi_boottime.c:2301:14:efi_close_protocol	32	static
lib/efi_loader/efi_boottime.c:2344:1:efi_close_protocol_ext	16	static
lib/efi_loader/efi_boottime.c:3223:21:efi_delete_image.isra	16	static
lib/efi_loader/efi_boottime.c:2486:14:efi_locate_handle_buffer_int	40	static
lib/efi_loader/efi_boottime.c:2530:21:efi_locate_handle_buffer	24	static
lib/efi_loader/efi_boottime.c:1807:21:efi_locate_device_path	64	static
lib/efi_loader/efi_boottime.c:2936:14:efi_protocol_open	32	static
lib/efi_loader/efi_boottime.c:3054:28:efi_open_protocol	40	static
lib/efi_loader/efi_boottime.c:3783:28:efi_disconnect_controller	56	static
lib/efi_loader/efi_boottime.c:1294:21:efi_disconnect_all_drivers	32	static
lib/efi_loader/efi_boottime.c:1333:21:efi_uninstall_protocol	32	static
lib/efi_loader/efi_boottime.c:1385:28:efi_uninstall_protocol_interface	16	static
lib/efi_loader/efi_boottime.c:2629:1:efi_install_multiple_protocol_interfaces_int	40	static
lib/efi_loader/efi_boottime.c:2701:1:efi_install_multiple_protocol_interfaces	16	static
lib/efi_loader/efi_boottime.c:2727:1:efi_install_multiple_protocol_interfaces_ext	16	static
lib/efi_loader/efi_boottime.c:2752:1:efi_uninstall_multiple_protocol_interfaces_int	32	static
lib/efi_loader/efi_boottime.c:2822:1:efi_uninstall_multiple_protocol_interfaces	16	static
lib/efi_loader/efi_boottime.c:2848:1:efi_uninstall_multiple_protocol_interfaces_ext	16	static
lib/efi_loader/efi_boottime.c:3126:21:efi_start_image	88	static
lib/efi_loader/efi_boottime.c:3275:21:efi_unload_image	32	static
lib/efi_loader/efi_boottime.c:3470:21:efi_handle_protocol	16	static
lib/efi_loader/efi_boottime.c:2021:21:efi_load_image	80	static
lib/efi_loader/efi_boottime.c:3486:21:efi_bind_controller	40	static
lib/efi_loader/efi_boottime.c:3604:28:efi_connect_controller	56	static
lib/efi_loader/efi_boottime.c:3672:28:efi_reinstall_protocol_interface	24	static
lib/efi_loader/efi_boottime.c:3369:28:efi_exit	40	static
lib/efi_loader/efi_boottime.c:3945:14:efi_initialize_system_table	16	static
