lib/efi_loader/efi_device_path.c:66:14:dp_alloc	16	static
lib/efi_loader/efi_device_path.c:517:36:dp_size	16	static
lib/efi_loader/efi_device_path.c:819:14:dp_part_node	152	static
lib/efi_loader/efi_device_path.c:602:29:dp_fill	16	static
lib/efi_loader/efi_device_path.c:84:25:efi_dp_next	0	static
lib/efi_loader/efi_device_path.c:102:5:efi_dp_match	16	static
lib/efi_loader/efi_device_path.c:142:25:efi_dp_shorten	8	static
lib/efi_loader/efi_device_path.c:254:31:efi_dp_last_node	8	static
lib/efi_loader/efi_device_path.c:268:13:efi_dp_instance_size	8	static
lib/efi_loader/efi_device_path.c:172:21:find_handle	56	static
lib/efi_loader/efi_device_path.c:233:14:efi_dp_find_obj	16	static
lib/efi_loader/efi_device_path.c:283:13:efi_dp_size	0	static
lib/efi_loader/efi_device_path.c:297:25:efi_dp_dup	16	static
lib/efi_loader/efi_device_path.c:329:18:efi_dp_append_or_concatenate	32	static
lib/efi_loader/efi_device_path.c:379:25:efi_dp_append	0	static
lib/efi_loader/efi_device_path.c:395:25:efi_dp_concat	0	static
lib/efi_loader/efi_device_path.c:401:25:efi_dp_append_node	24	static
lib/efi_loader/efi_device_path.c:433:25:efi_dp_create_device_node	16	static
lib/efi_loader/efi_device_path.c:451:25:efi_dp_append_instance	24	static
lib/efi_loader/efi_device_path.c:478:25:efi_dp_get_next_instance	24	static
lib/efi_loader/efi_device_path.c:503:6:efi_dp_is_multi_instance	0	static
lib/efi_loader/efi_device_path.c:905:25:efi_dp_from_part	16	static
lib/efi_loader/efi_device_path.c:927:25:efi_dp_part_node	16	static
lib/efi_loader/efi_device_path.c:993:25:efi_dp_from_file	40	static
lib/efi_loader/efi_device_path.c:1032:25:efi_dp_from_uart	8	static
lib/efi_loader/efi_device_path.c:1055:25:efi_dp_from_eth	8	static
lib/efi_loader/efi_device_path.c:1077:25:efi_dp_from_mem	32	static
lib/efi_loader/efi_device_path.c:1114:14:efi_dp_split_file_path	24	static
lib/efi_loader/efi_device_path.c:1154:14:efi_dp_from_name	176	static
lib/efi_loader/efi_device_path.c:1227:9:efi_dp_check_length	0	static
lib/efi_loader/efi_device_path.c:1264:18:efi_dp_from_lo	16	static
lib/efi_loader/efi_device_path.c:1295:25:search_gpt_dp_node	8	static
