boot/bootdev-uclass.c:468:12:h_cmp_bootdev	16	static
boot/bootdev-uclass.c:626:12:bootdev_post_bind	8	static
boot/bootdev-uclass.c:37:5:bootdev_add_bootflow	24	static
boot/bootdev-uclass.c:63:5:bootdev_first_bootflow	8	static
boot/bootdev-uclass.c:76:5:bootdev_next_bootflow	16	static
boot/bootdev-uclass.c:91:5:bootdev_bind	64	static
boot/bootdev-uclass.c:112:5:bootdev_find_in_blk	232	static
boot/bootdev-uclass.c:189:6:bootdev_list	40	static
boot/bootdev-uclass.c:215:5:bootdev_setup_for_dev	24	static
boot/bootdev-uclass.c:238:5:bootdev_setup_sibling_blk	80	static
boot/bootdev-uclass.c:270:5:bootdev_get_sibling_blk	24	static
boot/bootdev-uclass.c:314:5:bootdev_unbind_dev	16	static
boot/bootdev-uclass.c:345:5:bootdev_find_by_label	120	static
boot/bootdev-uclass.c:398:5:bootdev_find_by_any	24	static
boot/bootdev-uclass.c:436:5:bootdev_get_bootflow	24	static
boot/bootdev-uclass.c:448:6:bootdev_clear_bootflows	8	static
boot/bootdev-uclass.c:635:12:bootdev_pre_unbind	8	static
boot/bootdev-uclass.c:566:5:bootdev_setup_iter_order	152	static
