boot/bootflow.c:116:13:bootflow_iter_set_dev	16	static
boot/bootflow.c:227:12:bootflow_check	16	static
boot/bootflow.c:39:13:bootflow_state_get_name	0	static
boot/bootflow.c:48:5:bootflow_first_glob	16	static
boot/bootflow.c:66:5:bootflow_next_glob	24	static
boot/bootflow.c:86:6:bootflow_iter_init	16	static
boot/bootflow.c:93:6:bootflow_iter_uninit	8	static
boot/bootflow.c:99:5:bootflow_iter_drop_bootmeth	16	static
boot/bootflow.c:317:5:bootflow_scan_next	24	static
boot/bootflow.c:268:5:bootflow_scan_bootdev	24	static
boot/bootflow.c:305:5:bootflow_scan_first	0	static
boot/bootflow.c:342:6:bootflow_init	16	static
boot/bootflow.c:351:6:bootflow_free	8	static
boot/bootflow.c:359:6:bootflow_remove	8	static
boot/bootflow.c:369:5:bootflow_boot	8	static
boot/bootflow.c:388:5:bootflow_run_boot	8	static
boot/bootflow.c:429:5:bootflow_iter_uses_blk_dev	8	static
boot/bootflow.c:441:5:bootflow_iter_uses_network	8	static
boot/bootflow.c:453:5:bootflow_iter_uses_system	8	static
