drivers/clk/clk-uclass.c:560:13:clk_clean_rate_cache	16	static
drivers/clk/clk-uclass.c:33:13:dev_get_clk_ptr	0	static
drivers/clk/clk-uclass.c:438:5:clk_request	0	static
drivers/clk/clk-uclass.c:74:12:clk_get_by_index_tail.part.0.constprop	24	static
drivers/clk/clk-uclass.c:115:12:clk_get_by_indexed_prop	96	static
drivers/clk/clk-uclass.c:144:5:clk_get_by_index_nodev	96	static
drivers/clk/clk-uclass.c:139:5:clk_get_by_index	0	static
drivers/clk/clk-uclass.c:400:5:clk_get_by_name_nodev	16	static
drivers/clk/clk-uclass.c:394:5:clk_get_by_name	0	static
drivers/clk/clk-uclass.c:455:6:clk_free	0	static
drivers/clk/clk-uclass.c:469:7:clk_get_rate	0	static
drivers/clk/clk-uclass.c:489:13:clk_get_parent	8	static
drivers/clk/clk-uclass.c:508:7:clk_get_parent_rate	8	static
drivers/clk/clk-uclass.c:532:7:clk_round_rate	0	static
drivers/clk/clk-uclass.c:576:7:clk_set_rate	16	static
drivers/clk/clk-uclass.c:597:5:clk_set_parent	0	static
drivers/clk/clk-uclass.c:365:5:clk_set_defaults	136	static
drivers/clk/clk-uclass.c:821:5:clk_uclass_post_probe	8	static
drivers/clk/clk-uclass.c:620:5:clk_enable	0	static
drivers/clk/clk-uclass.c:667:5:clk_enable_bulk	16	static
drivers/clk/clk-uclass.c:680:5:clk_disable	0	static
drivers/clk/clk-uclass.c:417:5:clk_release_all	24	static
drivers/clk/clk-uclass.c:156:5:clk_get_bulk	24	static
drivers/clk/clk-uclass.c:731:5:clk_disable_bulk	16	static
drivers/clk/clk-uclass.c:744:5:clk_get_by_id	32	static
drivers/clk/clk-uclass.c:766:6:clk_is_match	0	static
drivers/clk/clk-uclass.c:793:13:devm_clk_get	16	static
drivers/clk/clk-uclass.c:810:6:devm_clk_put	0	static
