fs/ubifs/lpt_commit.c:41:28:first_dirty_cnode	0	static
fs/ubifs/lpt_commit.c:139:13:upd_ltab	8	static
fs/ubifs/lpt_commit.c:159:12:alloc_lpt_leb	20	static
fs/ubifs/lpt_commit.c:725:12:need_write_all	20	static
fs/ubifs/lpt_commit.c:752:13:lpt_tgc_start	12	static
fs/ubifs/lpt_commit.c:629:28:pnode_lookup	24	static
fs/ubifs/lpt_commit.c:669:13:do_make_pnode_dirty	16	static
fs/ubifs/lpt_commit.c:1196:12:lpt_gc	56	static
fs/ubifs/lpt_commit.c:1227:5:ubifs_lpt_start_commit	72	static
fs/ubifs/lpt_commit.c:1354:5:ubifs_lpt_post_commit	24	static
fs/ubifs/lpt_commit.c:1460:6:ubifs_lpt_free	32	static
