drivers/core/ofnode.c:216:5:ofnode_read_u8	16	static
drivers/core/ofnode.c:239:4:ofnode_read_u8_default	16	static
drivers/core/ofnode.c:247:5:ofnode_read_u16	16	static
drivers/core/ofnode.c:270:5:ofnode_read_u16_default	16	static
drivers/core/ofnode.c:291:5:ofnode_read_u32_index	24	static
drivers/core/ofnode.c:278:5:ofnode_read_u32	0	static
drivers/core/ofnode.c:283:5:ofnode_read_u32_default	16	static
drivers/core/ofnode.c:322:5:ofnode_read_u32_index_default	16	static
drivers/core/ofnode.c:331:5:ofnode_read_s32_default	16	static
drivers/core/ofnode.c:339:5:ofnode_read_u64	16	static
drivers/core/ofnode.c:363:5:ofnode_read_u64_default	16	static
drivers/core/ofnode.c:385:13:ofnode_read_prop	16	static
drivers/core/ofnode.c:417:13:ofnode_read_string	24	static
drivers/core/ofnode.c:435:5:ofnode_read_size	16	static
drivers/core/ofnode.c:445:8:ofnode_find_subnode	8	static
drivers/core/ofnode.c:471:5:ofnode_read_u32_array	16	static
drivers/core/ofnode.c:906:12:decode_timing_property	16	static
drivers/core/ofnode.c:499:6:ofnode_is_enabled	8	static
drivers/core/ofnode.c:509:8:ofnode_first_subnode	8	static
drivers/core/ofnode.c:519:8:ofnode_next_subnode	8	static
drivers/core/ofnode.c:530:8:ofnode_get_parent	8	static
drivers/core/ofnode.c:544:13:ofnode_get_name	0	static
drivers/core/ofnode.c:203:6:ofnode_name_eq	16	static
drivers/core/ofnode.c:557:5:ofnode_get_path	8	static
drivers/core/ofnode.c:582:8:ofnode_get_by_phandle	8	static
drivers/core/ofnode.c:595:8:oftree_get_by_phandle	8	static
drivers/core/ofnode.c:680:5:ofnode_stringlist_search	8	static
drivers/core/ofnode.c:701:5:ofnode_read_string_index	24	static
drivers/core/ofnode.c:719:5:ofnode_read_string_count	0	static
drivers/core/ofnode.c:729:5:ofnode_read_string_list	32	static
drivers/core/ofnode.c:773:5:ofnode_parse_phandle_with_args	104	static
drivers/core/ofnode.c:805:5:ofnode_count_phandle_with_args	24	static
drivers/core/ofnode.c:817:8:ofnode_path	8	static
drivers/core/ofnode.c:825:8:oftree_root	0	static
drivers/core/ofnode.c:834:8:oftree_path	8	static
drivers/core/ofnode.c:848:13:ofnode_read_chosen_prop	16	static
drivers/core/ofnode.c:857:13:ofnode_read_chosen_string	0	static
drivers/core/ofnode.c:862:8:ofnode_get_chosen_node	8	static
drivers/core/ofnode.c:873:13:ofnode_read_aliases_prop	16	static
drivers/core/ofnode.c:882:8:ofnode_get_aliases_node	8	static
drivers/core/ofnode.c:895:5:ofnode_get_child_count	8	static
drivers/core/ofnode.c:994:13:ofnode_get_property	0	static
drivers/core/ofnode.c:371:6:ofnode_read_bool	8	static
drivers/core/ofnode.c:929:5:ofnode_decode_display_timing	24	static
drivers/core/ofnode.c:1003:5:ofnode_first_property	8	static
drivers/core/ofnode.c:1022:5:ofnode_next_property	8	static
drivers/core/ofnode.c:1040:13:ofprop_get_property	0	static
drivers/core/ofnode.c:1052:12:ofnode_get_addr_size	0	static
drivers/core/ofnode.c:1078:16:ofnode_read_u8_array_ptr	0	static
drivers/core/ofnode.c:1096:5:ofnode_read_pci_addr	32	static
drivers/core/ofnode.c:1150:5:ofnode_read_pci_vendev	32	static
drivers/core/ofnode.c:1186:5:ofnode_read_eth_phy_id	32	static
drivers/core/ofnode.c:1222:5:ofnode_read_addr_cells	8	static
drivers/core/ofnode.c:1234:5:ofnode_read_size_cells	8	static
drivers/core/ofnode.c:1246:5:ofnode_read_simple_addr_cells	0	static
drivers/core/ofnode.c:1255:5:ofnode_read_simple_size_cells	0	static
drivers/core/ofnode.c:609:19:__ofnode_get_addr_size_index	40	static
drivers/core/ofnode.c:648:12:ofnode_get_addr_size_index	0	static
drivers/core/ofnode.c:659:12:ofnode_get_addr_index	16	static
drivers/core/ofnode.c:666:12:ofnode_get_addr	0	static
drivers/core/ofnode.c:671:12:ofnode_get_size	16	static
drivers/core/ofnode.c:653:12:ofnode_get_addr_size_index_notrans	0	static
drivers/core/ofnode.c:1264:6:ofnode_pre_reloc	8	static
drivers/core/ofnode.c:1290:5:ofnode_read_resource	24	static
drivers/core/ofnode.c:1311:5:ofnode_read_resource_byname	16	static
drivers/core/ofnode.c:1323:5:ofnode_translate_address	0	static
drivers/core/ofnode.c:1332:5:ofnode_translate_dma_address	0	static
drivers/core/ofnode.c:1341:5:ofnode_get_dma_range	16	static
drivers/core/ofnode.c:1351:5:ofnode_device_is_compatible	8	static
drivers/core/ofnode.c:1362:8:ofnode_by_compatible	8	static
drivers/core/ofnode.c:1375:8:ofnode_by_prop_value	16	static
drivers/core/ofnode.c:1390:5:ofnode_write_prop	0	static
drivers/core/ofnode.c:1414:5:ofnode_write_string	24	static
drivers/core/ofnode.c:1424:5:ofnode_write_u32	24	static
drivers/core/ofnode.c:1439:5:ofnode_set_enabled	0	static
drivers/core/ofnode.c:1449:6:ofnode_conf_read_bool	8	static
drivers/core/ofnode.c:1460:5:ofnode_conf_read_int	16	static
drivers/core/ofnode.c:1471:13:ofnode_conf_read_str	8	static
drivers/core/ofnode.c:1482:8:ofnode_get_phy_node	104	static
drivers/core/ofnode.c:1503:17:ofnode_read_phy_mode	16	static
drivers/core/ofnode.c:1526:5:ofnode_add_subnode	24	static
drivers/core/ofnode.c:1561:5:ofnode_copy_props	32	static
