net/eth-uclass.c:49:32:eth_get_uclass_priv	16	static
net/eth-uclass.c:615:12:eth_pre_remove	16	static
net/eth-uclass.c:478:12:eth_post_bind	8	static
net/eth-uclass.c:208:12:eth_write_hwaddr.isra	8	static
net/eth-uclass.c:533:12:eth_post_probe	32	static
net/eth-uclass.c:240:12:on_ethaddr	24	static
net/eth-uclass.c:62:6:eth_set_current_to_next	8	static
net/eth-uclass.c:82:17:eth_get_dev	16	static
net/eth-uclass.c:107:6:eth_set_dev	8	static
net/eth-uclass.c:500:12:eth_pre_unbind	8	static
net/eth-uclass.c:122:17:eth_get_dev_by_name	32	static
net/eth-uclass.c:159:16:eth_get_ethaddr	8	static
net/eth-uclass.c:172:5:eth_init_state_only	8	static
net/eth-uclass.c:188:6:eth_halt_state_only	8	static
net/eth-uclass.c:201:5:eth_get_dev_index	8	static
net/eth-uclass.c:268:5:eth_init	24	static
net/eth-uclass.c:332:6:eth_halt	16	static
net/eth-uclass.c:350:5:eth_is_active	8	static
net/eth-uclass.c:361:5:eth_send	16	static
net/eth-uclass.c:385:5:eth_rx	24	static
net/eth-uclass.c:421:5:eth_initialize	24	static
