net/net.c:370:13:net_clear_handlers	0	static
net/net.c:732:13:start_again_timeout_handler	0	static
net/net.c:796:13:dummy_handler	0	static
net/net.c:212:12:on_ipaddr	8	static
net/net.c:224:12:on_gatewayip	8	static
net/net.c:236:12:on_netmask	8	static
net/net.c:248:12:on_serverip	8	static
net/net.c:346:12:net_init_loop	8	static
net/net.c:382:5:net_init	8	static
net/net.c:737:5:net_start_again	16	static
net/net.c:802:11:net_get_udp_handler	0	static
net/net.c:807:6:net_set_udp_handler	0	static
net/net.c:816:11:net_get_arp_handler	0	static
net/net.c:821:6:net_set_arp_handler	0	static
net/net.c:837:6:net_set_timeout_handler	8	static
net/net.c:852:8:net_get_async_tx_pkt_buf	8	static
net/net.c:1155:6:net_process_received_packet	32	static
net/net.c:1542:1:net_eth_hdr_size	0	static
net/net.c:1554:5:net_set_ether	16	static
net/net.c:1579:5:net_update_ether	16	static
net/net.c:1602:6:net_set_ip_header	16	static
net/net.c:1627:6:net_set_udp_header	32	static
net/net.c:877:5:net_send_ip_packet	40	static
net/net.c:860:5:net_send_udp_packet	32	static
net/net.c:1649:6:copy_filename	0	static
net/net.c:1661:5:is_serverip_in_cmd	8	static
net/net.c:1431:12:net_check_prereq	8	static
net/net.c:302:6:net_auto_load	8	static
net/net.c:416:5:net_loop	40	static
net/net.c:1666:5:net_parse_bootfile	24	static
net/net.c:1691:6:ip_to_string	16	static
net/net.c:1702:6:vlan_to_string	0	static
net/net.c:1715:8:string_to_vlan	8	static
net/net.c:260:12:on_nvlan	8	static
net/net.c:272:12:on_vlan	8	static
net/net.c:1730:8:env_get_vlan	8	static
